apps/web/src/api/client.test.ts(27,7): error TS2322: Type 'Mock<Procedure | Constructable>' is not assignable to type '(() => void) | undefined'.
  Type 'MockInstance<Procedure | Constructable> & (new (...args: any[]) => any) & {}' is not assignable to type '(() => void) | undefined'.
apps/web/src/api/client.test.ts(28,7): error TS2322: Type 'Mock<Procedure | Constructable>' is not assignable to type '((error: ApiClientError) => void) | undefined'.
  Type 'MockInstance<Procedure | Constructable> & (new (...args: any[]) => any) & {}' is not assignable to type '((error: ApiClientError) => void) | undefined'.
apps/web/src/api/compat/regulatoryService.ts(2,40): error TS2307: Cannot find module '../types' or its corresponding type declarations.
apps/web/src/api/ws/websocket-client.test.ts(102,7): error TS2322: Type 'Mock<Procedure | Constructable>' is not assignable to type '((notification: Notification, sequenceId: number) => void) | undefined'.
  Type 'MockInstance<Procedure | Constructable> & (new (...args: any[]) => any) & {}' is not assignable to type '((notification: Notification, sequenceId: number) => void) | undefined'.
apps/web/src/api/ws/websocket-client.test.ts(103,7): error TS2322: Type 'Mock<Procedure | Constructable>' is not assignable to type '((state: ConnectionState) => void) | undefined'.
  Type 'MockInstance<Procedure | Constructable> & (new (...args: any[]) => any) & {}' is not assignable to type '((state: ConnectionState) => void) | undefined'.
apps/web/src/components/__tests__/Accessibility.test.tsx(15,26): error TS2347: Untyped function calls may not accept type arguments.
apps/web/src/components/__tests__/Accessibility.test.tsx(26,29): error TS2347: Untyped function calls may not accept type arguments.
apps/web/src/components/__tests__/Accessibility.test.tsx(49,34): error TS2347: Untyped function calls may not accept type arguments.
apps/web/src/components/FindingCard.test.tsx(55,34): error TS2307: Cannot find module '../server/utils/AppCodeGenerator' or its corresponding type declarations.
apps/web/src/components/Login.tsx(208,13): error TS2322: Type '(lang: Language) => void' is not assignable to type '(lang: string) => void'.
  Types of parameters 'lang' and 'lang' are incompatible.
    Type 'string' is not assignable to type 'Language'.
apps/web/src/context/__tests__/PreferencesContext.test.tsx(137,33): error TS2307: Cannot find module '../../services/api' or its corresponding type declarations.
apps/web/src/context/__tests__/PreferencesContext.test.tsx(230,33): error TS2307: Cannot find module '../../services/api' or its corresponding type declarations.
apps/web/src/context/__tests__/PreferencesContext.test.tsx(354,33): error TS2307: Cannot find module '../../services/api' or its corresponding type declarations.
apps/web/src/hooks/__tests__/useOptimisticUpdate.test.ts(46,11): error TS2345: Argument of type 'Mock<Procedure | Constructable>' is not assignable to parameter of type '(items: TestItem[]) => void'.
  Type 'MockInstance<Procedure | Constructable> & (new (...args: any[]) => any) & {}' is not assignable to type '(items: TestItem[]) => void'.
    Type 'MockInstance<Procedure | Constructable> & (new (...args: any[]) => any) & {}' provides no match for the signature '(items: TestItem[]): void'.
apps/web/src/hooks/__tests__/useOptimisticUpdate.test.ts(86,11): error TS2345: Argument of type 'Mock<Procedure | Constructable>' is not assignable to parameter of type '(items: TestItem[]) => void'.
  Type 'MockInstance<Procedure | Constructable> & (new (...args: any[]) => any) & {}' is not assignable to type '(items: TestItem[]) => void'.
    Type 'MockInstance<Procedure | Constructable> & (new (...args: any[]) => any) & {}' provides no match for the signature '(items: TestItem[]): void'.
apps/web/src/hooks/__tests__/useOptimisticUpdate.test.ts(113,11): error TS2345: Argument of type 'Mock<Procedure | Constructable>' is not assignable to parameter of type '(items: TestItem[]) => void'.
  Type 'MockInstance<Procedure | Constructable> & (new (...args: any[]) => any) & {}' is not assignable to type '(items: TestItem[]) => void'.
    Type 'MockInstance<Procedure | Constructable> & (new (...args: any[]) => any) & {}' provides no match for the signature '(items: TestItem[]): void'.
apps/web/src/hooks/__tests__/useOptimisticUpdate.test.ts(144,11): error TS2345: Argument of type 'Mock<Procedure | Constructable>' is not assignable to parameter of type '(items: TestItem[]) => void'.
  Type 'MockInstance<Procedure | Constructable> & (new (...args: any[]) => any) & {}' is not assignable to type '(items: TestItem[]) => void'.
    Type 'MockInstance<Procedure | Constructable> & (new (...args: any[]) => any) & {}' provides no match for the signature '(items: TestItem[]): void'.
apps/web/src/hooks/__tests__/useOptimisticUpdate.test.ts(174,11): error TS2345: Argument of type 'Mock<Procedure | Constructable>' is not assignable to parameter of type '(items: TestItem[]) => void'.
  Type 'MockInstance<Procedure | Constructable> & (new (...args: any[]) => any) & {}' is not assignable to type '(items: TestItem[]) => void'.
    Type 'MockInstance<Procedure | Constructable> & (new (...args: any[]) => any) & {}' provides no match for the signature '(items: TestItem[]): void'.
apps/web/src/hooks/__tests__/useOptimisticUpdate.test.ts(193,11): error TS2345: Argument of type 'Mock<Procedure | Constructable>' is not assignable to parameter of type '(items: TestItem[]) => void'.
  Type 'MockInstance<Procedure | Constructable> & (new (...args: any[]) => any) & {}' is not assignable to type '(items: TestItem[]) => void'.
    Type 'MockInstance<Procedure | Constructable> & (new (...args: any[]) => any) & {}' provides no match for the signature '(items: TestItem[]): void'.
apps/web/src/hooks/__tests__/useOptimisticUpdate.test.ts(217,11): error TS2345: Argument of type 'Mock<Procedure | Constructable>' is not assignable to parameter of type '(items: TestItem[]) => void'.
  Type 'MockInstance<Procedure | Constructable> & (new (...args: any[]) => any) & {}' is not assignable to type '(items: TestItem[]) => void'.
    Type 'MockInstance<Procedure | Constructable> & (new (...args: any[]) => any) & {}' provides no match for the signature '(items: TestItem[]): void'.
apps/web/src/hooks/__tests__/useOptimisticUpdate.test.ts(244,11): error TS2345: Argument of type 'Mock<Procedure | Constructable>' is not assignable to parameter of type '(items: TestItem[]) => void'.
  Type 'MockInstance<Procedure | Constructable> & (new (...args: any[]) => any) & {}' is not assignable to type '(items: TestItem[]) => void'.
    Type 'MockInstance<Procedure | Constructable> & (new (...args: any[]) => any) & {}' provides no match for the signature '(items: TestItem[]): void'.
apps/web/src/hooks/__tests__/useOptimisticUpdate.test.ts(271,11): error TS2345: Argument of type 'Mock<Procedure | Constructable>' is not assignable to parameter of type '(items: TestItem[]) => void'.
  Type 'MockInstance<Procedure | Constructable> & (new (...args: any[]) => any) & {}' is not assignable to type '(items: TestItem[]) => void'.
    Type 'MockInstance<Procedure | Constructable> & (new (...args: any[]) => any) & {}' provides no match for the signature '(items: TestItem[]): void'.
apps/web/src/hooks/__tests__/useOptimisticUpdate.test.ts(294,11): error TS2345: Argument of type 'Mock<Procedure | Constructable>' is not assignable to parameter of type '(items: TestItem[]) => void'.
  Type 'MockInstance<Procedure | Constructable> & (new (...args: any[]) => any) & {}' is not assignable to type '(items: TestItem[]) => void'.
    Type 'MockInstance<Procedure | Constructable> & (new (...args: any[]) => any) & {}' provides no match for the signature '(items: TestItem[]): void'.
apps/web/src/hooks/__tests__/useOptimisticUpdate.test.ts(313,11): error TS2345: Argument of type 'Mock<Procedure | Constructable>' is not assignable to parameter of type '(items: TestItem[]) => void'.
  Type 'MockInstance<Procedure | Constructable> & (new (...args: any[]) => any) & {}' is not assignable to type '(items: TestItem[]) => void'.
    Type 'MockInstance<Procedure | Constructable> & (new (...args: any[]) => any) & {}' provides no match for the signature '(items: TestItem[]): void'.
apps/web/src/hooks/__tests__/usePermissions.test.ts(43,5): error TS2322: Type 'Record<string, string[]>' is not assignable to type 'Record<string, PermissionAction[]>'.
  'string' index signatures are incompatible.
    Type 'string[]' is not assignable to type 'PermissionAction[]'.
      Type 'string' is not assignable to type 'PermissionAction'.
apps/web/src/i18n.ts(5,16): error TS6307: File 'C:/Users/sajjad.abdulbaqi/Documents/GitHub/alsaqi/apps/web/src/locales/ar.json' is not listed within the file list of project 'C:/Users/sajjad.abdulbaqi/Documents/GitHub/alsaqi/apps/web/tsconfig.json'. Projects must list all files or use an 'include' pattern.
  The file is in the program because:
    Imported via './locales/ar.json' from file 'C:/Users/sajjad.abdulbaqi/Documents/GitHub/alsaqi/apps/web/src/i18n.ts'
    Imported via './ar.json' from file 'C:/Users/sajjad.abdulbaqi/Documents/GitHub/alsaqi/apps/web/src/locales/job-titles-i18n-bugcondition.test.ts'
    Imported via './ar.json' from file 'C:/Users/sajjad.abdulbaqi/Documents/GitHub/alsaqi/apps/web/src/locales/job-titles-i18n-preservation.test.ts'
apps/web/src/i18n.ts(6,16): error TS6307: File 'C:/Users/sajjad.abdulbaqi/Documents/GitHub/alsaqi/apps/web/src/locales/en.json' is not listed within the file list of project 'C:/Users/sajjad.abdulbaqi/Documents/GitHub/alsaqi/apps/web/tsconfig.json'. Projects must list all files or use an 'include' pattern.
  The file is in the program because:
    Imported via './locales/en.json' from file 'C:/Users/sajjad.abdulbaqi/Documents/GitHub/alsaqi/apps/web/src/i18n.ts'
    Imported via './en.json' from file 'C:/Users/sajjad.abdulbaqi/Documents/GitHub/alsaqi/apps/web/src/locales/job-titles-i18n-bugcondition.test.ts'
    Imported via './en.json' from file 'C:/Users/sajjad.abdulbaqi/Documents/GitHub/alsaqi/apps/web/src/locales/job-titles-i18n-preservation.test.ts'
apps/web/src/main.tsx(4,17): error TS5097: An import path can only end with a '.tsx' extension when 'allowImportingTsExtensions' is enabled.
apps/web/src/modules/__tests__/AuditPlan.test.tsx(59,52): error TS2556: A spread argument must either have a tuple type or be passed to a rest parameter.
apps/web/src/modules/__tests__/AuditPlanForm.test.tsx(4,23): error TS2307: Cannot find module '@testing-library/user-event' or its corresponding type declarations.
apps/web/src/modules/__tests__/Correspondence.test.tsx(121,34): error TS2322: Type '"en"' is not assignable to type 'Language'.
apps/web/src/modules/__tests__/Correspondence.test.tsx(130,34): error TS2322: Type '"en"' is not assignable to type 'Language'.
apps/web/src/modules/__tests__/Correspondence.test.tsx(143,34): error TS2322: Type '"en"' is not assignable to type 'Language'.
apps/web/src/modules/__tests__/Correspondence.test.tsx(161,34): error TS2322: Type '"en"' is not assignable to type 'Language'.
apps/web/src/modules/__tests__/Correspondence.test.tsx(171,34): error TS2322: Type '"en"' is not assignable to type 'Language'.
apps/web/src/modules/__tests__/Correspondence.test.tsx(181,34): error TS2322: Type '"en"' is not assignable to type 'Language'.
apps/web/src/modules/__tests__/Correspondence.test.tsx(208,34): error TS2322: Type '"en"' is not assignable to type 'Language'.
apps/web/src/modules/__tests__/Correspondence.test.tsx(218,34): error TS2322: Type '"en"' is not assignable to type 'Language'.
apps/web/src/modules/__tests__/Correspondence.test.tsx(228,34): error TS2322: Type '"en"' is not assignable to type 'Language'.
apps/web/src/modules/__tests__/Correspondence.test.tsx(236,34): error TS2322: Type '"en"' is not assignable to type 'Language'.
apps/web/src/modules/__tests__/UserManagement.test.tsx(82,52): error TS2556: A spread argument must either have a tuple type or be passed to a rest parameter.
apps/web/src/modules/AuditTasks.tsx(115,23): error TS7006: Parameter 'p' implicitly has an 'any' type.
apps/web/src/modules/AuditTasks.tsx(120,30): error TS7006: Parameter 'e' implicitly has an 'any' type.
apps/web/src/modules/AuditTasks.tsx(226,26): error TS2322: Type 'string | undefined' is not assignable to type 'string'.
  Type 'undefined' is not assignable to type 'string'.
apps/web/src/modules/Dashboard/DashboardAuditProgress.tsx(70,17): error TS2322: Type '(value: any, name: string) => [string, any]' is not assignable to type 'Formatter<ValueType, NameType> & ((value: ValueType, name: NameType, item: TooltipPayloadEntry, index: number, payload: TooltipPayload) => ReactNode | [...])'.
  Type '(value: any, name: string) => [string, any]' is not assignable to type 'Formatter<ValueType, NameType>'.
    Types of parameters 'name' and 'name' are incompatible.
      Type 'NameType | undefined' is not assignable to type 'string'.
        Type 'undefined' is not assignable to type 'string'.
apps/web/src/modules/Dashboard/DashboardRiskOverview.tsx(46,17): error TS2322: Type '(value: any, name: string) => [string, any]' is not assignable to type 'Formatter<ValueType, NameType> & ((value: ValueType, name: NameType, item: TooltipPayloadEntry, index: number, payload: TooltipPayload) => ReactNode | [...])'.
  Type '(value: any, name: string) => [string, any]' is not assignable to type 'Formatter<ValueType, NameType>'.
    Types of parameters 'name' and 'name' are incompatible.
      Type 'NameType | undefined' is not assignable to type 'string'.
        Type 'undefined' is not assignable to type 'string'.
apps/web/src/modules/FraudLog/index.tsx(61,9): error TS2322: Type '(content: string) => Promise<boolean | undefined>' is not assignable to type '(content: string) => Promise<boolean>'.
  Type 'Promise<boolean | undefined>' is not assignable to type 'Promise<boolean>'.
    Type 'boolean | undefined' is not assignable to type 'boolean'.
      Type 'undefined' is not assignable to type 'boolean'.
apps/web/src/modules/FraudLog/index.tsx(117,9): error TS2322: Type '(content: string) => Promise<boolean | undefined>' is not assignable to type '(content: string) => Promise<boolean>'.
  Type 'Promise<boolean | undefined>' is not assignable to type 'Promise<boolean>'.
    Type 'boolean | undefined' is not assignable to type 'boolean'.
      Type 'undefined' is not assignable to type 'boolean'.
apps/web/src/modules/Notifications.tsx(194,55): error TS2345: Argument of type 'string | number' is not assignable to parameter of type 'SetStateAction<number | null>'.
  Type 'string' is not assignable to type 'SetStateAction<number | null>'.
apps/web/src/modules/Recommendations.tsx(79,35): error TS2339: Property 'title' does not exist on type 'AuditFinding'.
apps/web/src/modules/Recommendations.tsx(82,49): error TS2339: Property 'plan_id' does not exist on type 'Recommendation'.
apps/web/src/modules/Recommendations.tsx(200,44): error TS2339: Property 'plan_id' does not exist on type 'Recommendation'.
apps/web/src/modules/Recommendations.tsx(209,119): error TS2339: Property 'rec_number' does not exist on type 'Recommendation'.
apps/web/src/modules/Recommendations.tsx(211,111): error TS2339: Property 'title' does not exist on type 'AuditFinding'.
apps/web/src/modules/Reports/hooks/useReports.ts(192,46): error TS2345: Argument of type 'string | null' is not assignable to parameter of type 'string'.
  Type 'null' is not assignable to type 'string'.
apps/web/src/modules/Reports/hooks/useReports.ts(247,75): error TS2345: Argument of type 'string | null' is not assignable to parameter of type 'string'.
  Type 'null' is not assignable to type 'string'.
apps/web/src/modules/Reports/index.tsx(199,31): error TS2322: Type '(value: any, name: string) => [string, string]' is not assignable to type 'Formatter<ValueType, NameType> & ((value: ValueType, name: NameType, item: TooltipPayloadEntry, index: number, payload: TooltipPayload) => ReactNode | [...])'.
  Type '(value: any, name: string) => [string, string]' is not assignable to type 'Formatter<ValueType, NameType>'.
    Types of parameters 'name' and 'name' are incompatible.
      Type 'NameType | undefined' is not assignable to type 'string'.
        Type 'undefined' is not assignable to type 'string'.
apps/web/src/modules/UserManagement/index.tsx(138,69): error TS2322: Type 'unknown[]' is not assignable to type 'string[]'.
  Type 'unknown' is not assignable to type 'string'.
apps/web/src/modules/UserManagement/index.tsx(174,28): error TS7006: Parameter 'u' implicitly has an 'any' type.
apps/web/src/modules/UserManagement/index.tsx(179,18): error TS7006: Parameter 'e' implicitly has an 'any' type.
apps/web/src/modules/UserManagement/index.tsx(322,40): error TS2322: Type 'string | number' is not assignable to type 'string'.
  Type 'number' is not assignable to type 'string'.
apps/web/src/permissions/seeder.ts(17,20): error TS2307: Cannot find module '../server/db/index' or its corresponding type declarations.
apps/web/src/utils/logger.ts(9,27): error TS2339: Property 'env' does not exist on type 'ImportMeta'.
apps/web/src/utils/ObjectGuard.ts(99,17): error TS2322: Type 'unknown' is not assignable to type 'T'.
  'T' could be instantiated with an arbitrary type which could be unrelated to 'unknown'.
apps/web/src/utils/SecureNetwork.ts(32,37): error TS2339: Property 'env' does not exist on type 'ImportMeta'.
apps/web/src/utils/SecureStorage.ts(22,35): error TS2339: Property 'env' does not exist on type 'ImportMeta'.
apps/web/src/utils/SecurityLogger.ts(62,13): error TS2783: 'message' is specified more than once, so this usage will be overwritten.
apps/web/src/utils/SecurityLogger.ts(64,13): error TS2783: 'name' is specified more than once, so this usage will be overwritten.
apps/web/src/utils/SecurityLogger.ts(86,55): error TS2339: Property 'env' does not exist on type 'ImportMeta'.
